0 verbose cli /data/app/~~iSQ2SkQxoHKu9R962t6kHQ==/com.vscodroid-yqcDv19qzlWwGu0xgDnd9g==/lib/arm64/libnode.so /data/user/0/com.vscodroid/files/usr/lib/node_modules/npm/bin/npm-cli.js
1 info using npm@11.16.0
2 info using node@v24.18.0
3 silly config load:file:/data/data/com.vscodroid/files/usr/lib/node_modules/npm/npmrc
4 silly config load:file:/data/data/com.vscodroid/files/projects/assetscout-stripe/.npmrc
5 silly config load:file:/data/user/0/com.vscodroid/files/home/.npmrc
6 silly config load:file:/data/user/0/com.vscodroid/files/usr/etc/npmrc
7 verbose title npm install
8 verbose argv "--prefer-offline" "install" "--no-audit" "--no-fund" "--cache" "./.npm-cache"
9 verbose logfile logs-max:10 dir:/data/data/com.vscodroid/files/projects/assetscout-stripe/.npm-cache/_logs/2026-09-16T08_43_03_371Z-
10 verbose logfile /data/data/com.vscodroid/files/projects/assetscout-stripe/.npm-cache/_logs/2026-09-16T08_43_03_371Z-debug-0.log
11 silly logfile done cleaning log files
12 silly packumentCache heap:1099694080 maxSize:274923520 maxEntrySize:137461760
13 silly idealTree buildDeps
14 silly fetch manifest @supabase/ssr@^0.7.0
15 silly packumentCache full:https://registry.npmjs.org/@supabase%2fssr cache-miss
16 http fetch GET 200 https://registry.npmjs.org/@supabase%2fssr 1950ms (cache miss)
17 silly packumentCache full:https://registry.npmjs.org/@supabase%2fssr set size:undefined disposed:false
18 silly fetch manifest @supabase/supabase-js@^2.58.0
19 silly packumentCache full:https://registry.npmjs.org/@supabase%2fsupabase-js cache-miss
20 http fetch GET 200 https://registry.npmjs.org/npm 2722ms
21 http fetch GET 200 https://registry.npmjs.org/@supabase%2fsupabase-js 3598ms (cache miss)
22 silly packumentCache full:https://registry.npmjs.org/@supabase%2fsupabase-js set size:undefined disposed:false
23 silly fetch manifest @opentelemetry/api@>=1.0.0
24 silly packumentCache full:https://registry.npmjs.org/@opentelemetry%2fapi cache-miss
25 http fetch GET 200 https://registry.npmjs.org/@opentelemetry%2fapi 514ms (cache miss)
26 silly packumentCache full:https://registry.npmjs.org/@opentelemetry%2fapi set size:undefined disposed:false
27 silly fetch manifest next@15.5.7
28 silly packumentCache full:https://registry.npmjs.org/next cache-miss
29 http fetch GET 200 https://registry.npmjs.org/next 10946ms (cache miss)
30 silly packumentCache full:https://registry.npmjs.org/next set size:undefined disposed:false
31 silly fetch manifest @opentelemetry/api@^1.1.0
32 silly packumentCache full:https://registry.npmjs.org/@opentelemetry%2fapi cache-miss
33 http cache https://registry.npmjs.org/@opentelemetry%2fapi 169ms (cache hit)
34 silly packumentCache full:https://registry.npmjs.org/@opentelemetry%2fapi set size:272967 disposed:false
35 silly fetch manifest @playwright/test@^1.51.1
36 silly packumentCache full:https://registry.npmjs.org/@playwright%2ftest cache-miss
37 http fetch GET 200 https://registry.npmjs.org/@playwright%2ftest 10903ms (cache miss)
38 silly packumentCache full:https://registry.npmjs.org/@playwright%2ftest set size:undefined disposed:false
39 silly fetch manifest babel-plugin-react-compiler@*
40 silly packumentCache full:https://registry.npmjs.org/babel-plugin-react-compiler cache-miss
41 http fetch GET 200 https://registry.npmjs.org/babel-plugin-react-compiler 532ms (cache miss)
42 silly packumentCache full:https://registry.npmjs.org/babel-plugin-react-compiler set size:undefined disposed:false
43 silly fetch manifest react@19.1.0
44 silly packumentCache full:https://registry.npmjs.org/react cache-miss
45 http fetch GET 200 https://registry.npmjs.org/react 5576ms (cache miss)
46 silly packumentCache full:https://registry.npmjs.org/react set size:undefined disposed:false
47 silly fetch manifest react-dom@19.1.0
48 silly packumentCache full:https://registry.npmjs.org/react-dom cache-miss
49 http fetch GET 200 https://registry.npmjs.org/react-dom 5585ms (cache miss)
50 silly packumentCache full:https://registry.npmjs.org/react-dom set size:undefined disposed:false
51 silly fetch manifest sass@^1.3.0
52 silly packumentCache full:https://registry.npmjs.org/sass cache-miss
53 http fetch GET 200 https://registry.npmjs.org/sass 697ms (cache miss)
54 silly packumentCache full:https://registry.npmjs.org/sass set size:undefined disposed:false
55 silly fetch manifest server-only@^0.0.1
56 silly packumentCache full:https://registry.npmjs.org/server-only cache-miss
57 http fetch GET 200 https://registry.npmjs.org/server-only 220ms (cache miss)
58 silly packumentCache full:https://registry.npmjs.org/server-only set size:undefined disposed:false
59 silly fetch manifest stripe@^22.6.2
60 silly packumentCache full:https://registry.npmjs.org/stripe cache-miss
61 http fetch GET 200 https://registry.npmjs.org/stripe 1444ms (cache miss)
62 silly packumentCache full:https://registry.npmjs.org/stripe set size:undefined disposed:false
63 silly fetch manifest @types/node@^22.10.2
64 silly packumentCache full:https://registry.npmjs.org/@types%2fnode cache-miss
65 http fetch GET 200 https://registry.npmjs.org/@types%2fnode 4866ms (cache miss)
66 silly packumentCache full:https://registry.npmjs.org/@types%2fnode set size:undefined disposed:false
67 silly fetch manifest zod@^3.25.76
68 silly packumentCache full:https://registry.npmjs.org/zod cache-miss
69 http fetch GET 200 https://registry.npmjs.org/zod 1332ms (cache miss)
70 silly packumentCache full:https://registry.npmjs.org/zod set size:undefined disposed:false
71 silly fetch manifest @next/swc-wasm-nodejs@15.5.7
72 silly packumentCache full:https://registry.npmjs.org/@next%2fswc-wasm-nodejs cache-miss
73 http fetch GET 200 https://registry.npmjs.org/@next%2fswc-wasm-nodejs 2969ms (cache miss)
74 silly packumentCache full:https://registry.npmjs.org/@next%2fswc-wasm-nodejs set size:undefined disposed:false
75 silly fetch manifest @types/react@^19.1.0
76 silly packumentCache full:https://registry.npmjs.org/@types%2freact cache-miss
77 http fetch GET 200 https://registry.npmjs.org/@types%2freact 17549ms (cache miss)
78 silly packumentCache full:https://registry.npmjs.org/@types%2freact set size:undefined disposed:false
79 silly fetch manifest @types/react-dom@^19.1.0
80 silly packumentCache full:https://registry.npmjs.org/@types%2freact-dom cache-miss
81 http fetch GET 200 https://registry.npmjs.org/@types%2freact-dom 452ms (cache miss)
82 silly packumentCache full:https://registry.npmjs.org/@types%2freact-dom set size:undefined disposed:false
83 silly fetch manifest typescript@^5.9.2
84 silly packumentCache full:https://registry.npmjs.org/typescript cache-miss
85 http fetch GET 200 https://registry.npmjs.org/typescript 7236ms (cache miss)
86 silly packumentCache full:https://registry.npmjs.org/typescript set size:undefined disposed:false
87 silly placeDep ROOT @next/swc-wasm-nodejs@15.5.7 OK for: assetscout@0.1.0 want: 15.5.7
88 silly placeDep ROOT @supabase/ssr@0.7.0 OK for: assetscout@0.1.0 want: ^0.7.0
89 silly placeDep ROOT @supabase/supabase-js@2.116.0 OK for: @supabase/ssr@0.7.0 want: ^2.43.4
90 silly placeDep ROOT @types/node@22.20.3 OK for: assetscout@0.1.0 want: ^22.10.2
91 silly placeDep ROOT @types/react@19.3.0 OK for: assetscout@0.1.0 want: ^19.1.0
92 silly placeDep ROOT @types/react-dom@19.3.0 OK for: assetscout@0.1.0 want: ^19.1.0
93 silly placeDep ROOT next@15.5.7 OK for: assetscout@0.1.0 want: 15.5.7
94 silly placeDep ROOT react@19.1.0 OK for: next@15.5.7 want: ^18.2.0 || 19.0.0-rc-de68d2f4-20241204 || ^19.0.0
95 silly placeDep ROOT react-dom@19.1.0 OK for: next@15.5.7 want: ^18.2.0 || 19.0.0-rc-de68d2f4-20241204 || ^19.0.0
96 silly placeDep ROOT server-only@0.0.1 OK for: assetscout@0.1.0 want: ^0.0.1
97 silly placeDep ROOT stripe@22.6.2 OK for: assetscout@0.1.0 want: ^22.6.2
98 silly placeDep ROOT typescript@5.9.3 OK for: assetscout@0.1.0 want: ^5.9.2
99 silly placeDep ROOT zod@3.25.76 OK for: assetscout@0.1.0 want: ^3.25.76
100 silly fetch manifest cookie@^1.0.2
101 silly packumentCache full:https://registry.npmjs.org/cookie cache-miss
102 silly fetch manifest @supabase/auth-js@2.116.0
103 silly packumentCache full:https://registry.npmjs.org/@supabase%2fauth-js cache-miss
104 silly fetch manifest @supabase/storage-js@2.116.0
105 silly packumentCache full:https://registry.npmjs.org/@supabase%2fstorage-js cache-miss
106 silly fetch manifest @supabase/realtime-js@2.116.0
107 silly packumentCache full:https://registry.npmjs.org/@supabase%2frealtime-js cache-miss
108 silly fetch manifest @supabase/functions-js@2.116.0
109 silly packumentCache full:https://registry.npmjs.org/@supabase%2ffunctions-js cache-miss
110 http fetch GET 200 https://registry.npmjs.org/cookie 282ms (cache miss)
111 silly packumentCache full:https://registry.npmjs.org/cookie set size:undefined disposed:false
112 silly fetch manifest @supabase/postgrest-js@2.116.0
113 silly packumentCache full:https://registry.npmjs.org/@supabase%2fpostgrest-js cache-miss
114 http fetch GET 200 https://registry.npmjs.org/@supabase%2fauth-js 669ms (cache miss)
115 silly packumentCache full:https://registry.npmjs.org/@supabase%2fauth-js set size:undefined disposed:false
116 silly fetch manifest undici-types@~6.21.0
117 silly packumentCache full:https://registry.npmjs.org/undici-types cache-miss
118 http fetch GET 200 https://registry.npmjs.org/@supabase%2fpostgrest-js 1181ms (cache miss)
119 silly packumentCache full:https://registry.npmjs.org/@supabase%2fpostgrest-js set size:undefined disposed:false
120 silly fetch manifest csstype@^3.2.2
121 silly packumentCache full:https://registry.npmjs.org/csstype cache-miss
122 http fetch GET 200 https://registry.npmjs.org/undici-types 1098ms (cache miss)
123 silly packumentCache full:https://registry.npmjs.org/undici-types set size:undefined disposed:false
124 silly fetch manifest postcss@8.4.31
125 silly packumentCache full:https://registry.npmjs.org/postcss cache-miss
126 http fetch GET 200 https://registry.npmjs.org/csstype 898ms (cache miss)
127 silly packumentCache full:https://registry.npmjs.org/csstype set size:undefined disposed:false
128 silly fetch manifest @next/env@15.5.7
129 silly packumentCache full:https://registry.npmjs.org/@next%2fenv cache-miss
130 http fetch GET 200 https://registry.npmjs.org/postcss 2005ms (cache miss)
131 silly packumentCache full:https://registry.npmjs.org/postcss set size:undefined disposed:false
132 silly fetch manifest styled-jsx@5.1.6
133 silly packumentCache full:https://registry.npmjs.org/styled-jsx cache-miss
134 http fetch GET 200 https://registry.npmjs.org/@supabase%2ffunctions-js 7649ms (cache miss)
135 silly packumentCache full:https://registry.npmjs.org/@supabase%2ffunctions-js set size:undefined disposed:false
136 silly fetch manifest @swc/helpers@0.5.15
137 silly packumentCache full:https://registry.npmjs.org/@swc%2fhelpers cache-miss
138 http fetch GET 200 https://registry.npmjs.org/styled-jsx 3928ms (cache miss)
139 silly packumentCache full:https://registry.npmjs.org/styled-jsx set size:undefined disposed:false
140 silly fetch manifest caniuse-lite@^1.0.30001579
141 silly packumentCache full:https://registry.npmjs.org/caniuse-lite cache-miss
142 http fetch GET 200 https://registry.npmjs.org/@next%2fenv 5510ms (cache miss)
143 silly packumentCache full:https://registry.npmjs.org/@next%2fenv set size:undefined disposed:false
144 silly fetch manifest sharp@^0.34.3
145 silly packumentCache full:https://registry.npmjs.org/sharp cache-miss
146 http fetch GET 200 https://registry.npmjs.org/@supabase%2fstorage-js 8589ms (cache miss)
147 silly packumentCache full:https://registry.npmjs.org/@supabase%2fstorage-js set size:undefined disposed:false
148 silly fetch manifest @next/swc-darwin-x64@15.5.7
149 silly packumentCache full:https://registry.npmjs.org/@next%2fswc-darwin-x64 cache-miss
150 http fetch GET 200 https://registry.npmjs.org/@supabase%2frealtime-js 8717ms (cache miss)
151 silly packumentCache full:https://registry.npmjs.org/@supabase%2frealtime-js set size:undefined disposed:false
152 silly fetch manifest @next/swc-darwin-arm64@15.5.7
153 silly packumentCache full:https://registry.npmjs.org/@next%2fswc-darwin-arm64 cache-miss
154 http fetch GET 200 https://registry.npmjs.org/@swc%2fhelpers 1711ms (cache miss)
155 silly packumentCache full:https://registry.npmjs.org/@swc%2fhelpers set size:undefined disposed:false
156 silly fetch manifest @next/swc-linux-x64-gnu@15.5.7
157 silly packumentCache full:https://registry.npmjs.org/@next%2fswc-linux-x64-gnu cache-miss
158 http fetch GET 200 https://registry.npmjs.org/sharp 3367ms (cache miss)
159 silly packumentCache full:https://registry.npmjs.org/sharp set size:undefined disposed:false
160 silly fetch manifest @next/swc-linux-x64-musl@15.5.7
161 silly packumentCache full:https://registry.npmjs.org/@next%2fswc-linux-x64-musl cache-miss
162 http fetch GET 200 https://registry.npmjs.org/caniuse-lite 4012ms (cache miss)
163 silly packumentCache full:https://registry.npmjs.org/caniuse-lite set size:undefined disposed:false
164 silly fetch manifest @next/swc-win32-x64-msvc@15.5.7
165 silly packumentCache full:https://registry.npmjs.org/@next%2fswc-win32-x64-msvc cache-miss
166 http fetch GET 200 https://registry.npmjs.org/@next%2fswc-darwin-x64 12240ms (cache miss)
167 silly packumentCache full:https://registry.npmjs.org/@next%2fswc-darwin-x64 set size:undefined disposed:false
168 silly fetch manifest @next/swc-linux-arm64-gnu@15.5.7
169 silly packumentCache full:https://registry.npmjs.org/@next%2fswc-linux-arm64-gnu cache-miss
170 http fetch GET 200 https://registry.npmjs.org/@next%2fswc-linux-x64-musl 9515ms (cache miss)
171 silly packumentCache full:https://registry.npmjs.org/@next%2fswc-linux-x64-musl set size:undefined disposed:false
172 silly fetch manifest @next/swc-linux-arm64-musl@15.5.7
173 silly packumentCache full:https://registry.npmjs.org/@next%2fswc-linux-arm64-musl cache-miss
174 http fetch GET 200 https://registry.npmjs.org/@next%2fswc-win32-x64-msvc 15025ms (cache miss)
175 silly packumentCache full:https://registry.npmjs.org/@next%2fswc-win32-x64-msvc set size:undefined disposed:false
176 silly fetch manifest @next/swc-win32-arm64-msvc@15.5.7
177 silly packumentCache full:https://registry.npmjs.org/@next%2fswc-win32-arm64-msvc cache-miss
178 http fetch GET 200 https://registry.npmjs.org/@next%2fswc-linux-x64-gnu 18912ms (cache miss)
179 silly packumentCache full:https://registry.npmjs.org/@next%2fswc-linux-x64-gnu set size:undefined disposed:false
180 silly fetch manifest scheduler@^0.26.0
181 silly packumentCache full:https://registry.npmjs.org/scheduler cache-miss
182 http fetch GET 200 https://registry.npmjs.org/@next%2fswc-darwin-arm64 21708ms (cache miss)
183 silly packumentCache full:https://registry.npmjs.org/@next%2fswc-darwin-arm64 set size:undefined disposed:false
184 http fetch GET 200 https://registry.npmjs.org/@next%2fswc-linux-arm64-gnu 10538ms (cache miss)
185 silly packumentCache full:https://registry.npmjs.org/@next%2fswc-linux-arm64-gnu set size:undefined disposed:false
186 http fetch GET 200 https://registry.npmjs.org/@next%2fswc-linux-arm64-musl 14066ms (cache miss)
187 silly packumentCache full:https://registry.npmjs.org/@next%2fswc-linux-arm64-musl set size:undefined disposed:false
188 http fetch GET 200 https://registry.npmjs.org/@next%2fswc-win32-arm64-msvc 12706ms (cache miss)
189 silly packumentCache full:https://registry.npmjs.org/@next%2fswc-win32-arm64-msvc set size:undefined disposed:false
190 http fetch GET 200 https://registry.npmjs.org/scheduler 12896ms (cache miss)
191 silly packumentCache full:https://registry.npmjs.org/scheduler set size:undefined disposed:false
192 silly placeDep ROOT cookie@1.1.1 OK for: @supabase/ssr@0.7.0 want: ^1.0.2
193 silly placeDep ROOT @supabase/auth-js@2.116.0 OK for: @supabase/supabase-js@2.116.0 want: 2.116.0
194 silly placeDep ROOT @supabase/functions-js@2.116.0 OK for: @supabase/supabase-js@2.116.0 want: 2.116.0
195 silly placeDep ROOT @supabase/postgrest-js@2.116.0 OK for: @supabase/supabase-js@2.116.0 want: 2.116.0
196 silly placeDep ROOT @supabase/realtime-js@2.116.0 OK for: @supabase/supabase-js@2.116.0 want: 2.116.0
197 silly placeDep ROOT @supabase/storage-js@2.116.0 OK for: @supabase/supabase-js@2.116.0 want: 2.116.0
198 silly fetch manifest tslib@2.8.1
199 silly packumentCache full:https://registry.npmjs.org/tslib cache-miss
200 silly fetch manifest tslib@2.8.1
201 silly packumentCache full:https://registry.npmjs.org/tslib cache-miss
202 silly fetch manifest tslib@2.8.1
203 silly packumentCache full:https://registry.npmjs.org/tslib cache-miss
204 silly fetch manifest tslib@2.8.1
205 silly packumentCache full:https://registry.npmjs.org/tslib cache-miss
206 silly fetch manifest @supabase/phoenix@0.4.5
207 silly packumentCache full:https://registry.npmjs.org/@supabase%2fphoenix cache-miss
208 http fetch GET 200 https://registry.npmjs.org/@supabase%2fphoenix 346ms (cache miss)
209 silly packumentCache full:https://registry.npmjs.org/@supabase%2fphoenix set size:undefined disposed:false
210 silly fetch manifest tslib@2.8.1
211 silly packumentCache full:https://registry.npmjs.org/tslib cache-miss
212 http fetch GET 200 https://registry.npmjs.org/tslib 451ms (cache miss)
213 silly packumentCache full:https://registry.npmjs.org/tslib set size:undefined disposed:false
214 silly fetch manifest iceberg-js@^0.8.1
215 silly packumentCache full:https://registry.npmjs.org/iceberg-js cache-miss
216 http fetch GET 200 https://registry.npmjs.org/tslib 503ms (cache miss)
217 silly packumentCache full:https://registry.npmjs.org/tslib set size:undefined disposed:false
218 http fetch GET 200 https://registry.npmjs.org/tslib 524ms (cache miss)
219 silly packumentCache full:https://registry.npmjs.org/tslib set size:undefined disposed:false
220 http fetch GET 200 https://registry.npmjs.org/tslib 523ms (cache miss)
221 silly packumentCache full:https://registry.npmjs.org/tslib set size:undefined disposed:false
222 http fetch GET 200 https://registry.npmjs.org/iceberg-js 322ms (cache miss)
223 silly packumentCache full:https://registry.npmjs.org/iceberg-js set size:undefined disposed:false
224 http fetch GET 200 https://registry.npmjs.org/tslib 471ms (cache miss)
225 silly packumentCache full:https://registry.npmjs.org/tslib set size:undefined disposed:false
226 silly placeDep ROOT tslib@2.8.1 OK for: @supabase/auth-js@2.116.0 want: 2.8.1
227 silly placeDep ROOT @supabase/phoenix@0.4.5 OK for: @supabase/realtime-js@2.116.0 want: 0.4.5
228 silly placeDep ROOT iceberg-js@0.8.1 OK for: @supabase/storage-js@2.116.0 want: ^0.8.1
229 silly placeDep ROOT undici-types@6.21.0 OK for: @types/node@22.20.3 want: ~6.21.0
230 silly placeDep ROOT csstype@3.2.3 OK for: @types/react@19.3.0 want: ^3.2.2
231 silly fetch manifest react@^18.2.0 || 19.0.0-rc-de68d2f4-20241204 || ^19.0.0
232 silly packumentCache full:https://registry.npmjs.org/react cache-miss
233 http cache https://registry.npmjs.org/react 111ms (cache hit)
234 silly packumentCache full:https://registry.npmjs.org/react set size:6987358 disposed:false
235 silly placeDep ROOT @next/env@15.5.7 OK for: next@15.5.7 want: 15.5.7
236 silly placeDep ROOT @next/swc-darwin-arm64@15.5.7 OK for: next@15.5.7 want: 15.5.7
237 silly placeDep ROOT @next/swc-darwin-x64@15.5.7 OK for: next@15.5.7 want: 15.5.7
238 silly placeDep ROOT @next/swc-linux-arm64-gnu@15.5.7 OK for: next@15.5.7 want: 15.5.7
239 silly placeDep ROOT @next/swc-linux-arm64-musl@15.5.7 OK for: next@15.5.7 want: 15.5.7
240 silly placeDep ROOT @next/swc-linux-x64-gnu@15.5.7 OK for: next@15.5.7 want: 15.5.7
241 silly placeDep ROOT @next/swc-linux-x64-musl@15.5.7 OK for: next@15.5.7 want: 15.5.7
242 silly placeDep ROOT @next/swc-win32-arm64-msvc@15.5.7 OK for: next@15.5.7 want: 15.5.7
243 silly placeDep ROOT @next/swc-win32-x64-msvc@15.5.7 OK for: next@15.5.7 want: 15.5.7
244 silly placeDep ROOT @swc/helpers@0.5.15 OK for: next@15.5.7 want: 0.5.15
245 silly placeDep ROOT caniuse-lite@1.0.30001810 OK for: next@15.5.7 want: ^1.0.30001579
246 silly placeDep ROOT postcss@8.4.31 OK for: next@15.5.7 want: 8.4.31
247 silly placeDep ROOT sharp@0.34.5 OK for: next@15.5.7 want: ^0.34.3
248 silly placeDep ROOT styled-jsx@5.1.6 OK for: next@15.5.7 want: 5.1.6
249 silly fetch manifest nanoid@^3.3.6
250 silly packumentCache full:https://registry.npmjs.org/nanoid cache-miss
251 silly fetch manifest picocolors@^1.0.0
252 silly packumentCache full:https://registry.npmjs.org/picocolors cache-miss
253 silly fetch manifest source-map-js@^1.0.2
254 silly packumentCache full:https://registry.npmjs.org/source-map-js cache-miss
255 silly fetch manifest semver@^7.7.3
256 silly packumentCache full:https://registry.npmjs.org/semver cache-miss
257 silly fetch manifest @img/colour@^1.0.0
258 silly packumentCache full:https://registry.npmjs.org/@img%2fcolour cache-miss
259 http fetch GET 200 https://registry.npmjs.org/@img%2fcolour 395ms (cache miss)
260 silly packumentCache full:https://registry.npmjs.org/@img%2fcolour set size:undefined disposed:false
261 silly fetch manifest detect-libc@^2.1.2
262 silly packumentCache full:https://registry.npmjs.org/detect-libc cache-miss
263 http fetch GET 200 https://registry.npmjs.org/picocolors 422ms (cache miss)
264 silly packumentCache full:https://registry.npmjs.org/picocolors set size:undefined disposed:false
265 silly fetch manifest @img/sharp-wasm32@0.34.5
266 silly packumentCache full:https://registry.npmjs.org/@img%2fsharp-wasm32 cache-miss
267 http fetch GET 200 https://registry.npmjs.org/source-map-js 495ms (cache miss)
268 silly packumentCache full:https://registry.npmjs.org/source-map-js set size:undefined disposed:false
269 silly fetch manifest @img/sharp-linux-arm@0.34.5
270 silly packumentCache full:https://registry.npmjs.org/@img%2fsharp-linux-arm cache-miss
271 http fetch GET 200 https://registry.npmjs.org/semver 637ms (cache miss)
272 silly packumentCache full:https://registry.npmjs.org/semver set size:undefined disposed:false
273 silly fetch manifest @img/sharp-linux-x64@0.34.5
274 silly packumentCache full:https://registry.npmjs.org/@img%2fsharp-linux-x64 cache-miss
275 http fetch GET 200 https://registry.npmjs.org/nanoid 806ms (cache miss)
276 silly packumentCache full:https://registry.npmjs.org/nanoid set size:undefined disposed:false
277 silly fetch manifest @img/sharp-win32-x64@0.34.5
278 silly packumentCache full:https://registry.npmjs.org/@img%2fsharp-win32-x64 cache-miss
279 http fetch GET 200 https://registry.npmjs.org/detect-libc 493ms (cache miss)
280 silly packumentCache full:https://registry.npmjs.org/detect-libc set size:undefined disposed:false
281 silly fetch manifest @img/sharp-darwin-x64@0.34.5
282 silly packumentCache full:https://registry.npmjs.org/@img%2fsharp-darwin-x64 cache-miss
283 http fetch GET 200 https://registry.npmjs.org/@img%2fsharp-linux-x64 329ms (cache miss)
284 silly packumentCache full:https://registry.npmjs.org/@img%2fsharp-linux-x64 set size:undefined disposed:false
285 silly fetch manifest @img/sharp-win32-ia32@0.34.5
286 silly packumentCache full:https://registry.npmjs.org/@img%2fsharp-win32-ia32 cache-miss
287 http fetch GET 200 https://registry.npmjs.org/@img%2fsharp-linux-arm 519ms (cache miss)
288 silly packumentCache full:https://registry.npmjs.org/@img%2fsharp-linux-arm set size:undefined disposed:false
289 silly fetch manifest @img/sharp-linux-arm64@0.34.5
290 silly packumentCache full:https://registry.npmjs.org/@img%2fsharp-linux-arm64 cache-miss
291 http fetch GET 200 https://registry.npmjs.org/@img%2fsharp-wasm32 622ms (cache miss)
292 silly packumentCache full:https://registry.npmjs.org/@img%2fsharp-wasm32 set size:undefined disposed:false
293 silly fetch manifest @img/sharp-linux-ppc64@0.34.5
294 silly packumentCache full:https://registry.npmjs.org/@img%2fsharp-linux-ppc64 cache-miss
295 http fetch GET 200 https://registry.npmjs.org/@img%2fsharp-darwin-x64 368ms (cache miss)
296 silly packumentCache full:https://registry.npmjs.org/@img%2fsharp-darwin-x64 set size:undefined disposed:false
297 silly fetch manifest @img/sharp-linux-s390x@0.34.5
298 silly packumentCache full:https://registry.npmjs.org/@img%2fsharp-linux-s390x cache-miss
299 http fetch GET 200 https://registry.npmjs.org/@img%2fsharp-win32-x64 511ms (cache miss)
300 silly packumentCache full:https://registry.npmjs.org/@img%2fsharp-win32-x64 set size:undefined disposed:false
301 silly fetch manifest @img/sharp-win32-arm64@0.34.5
302 silly packumentCache full:https://registry.npmjs.org/@img%2fsharp-win32-arm64 cache-miss
303 http fetch GET 200 https://registry.npmjs.org/@img%2fsharp-linux-arm64 447ms (cache miss)
304 silly packumentCache full:https://registry.npmjs.org/@img%2fsharp-linux-arm64 set size:undefined disposed:false
305 silly fetch manifest @img/sharp-darwin-arm64@0.34.5
306 silly packumentCache full:https://registry.npmjs.org/@img%2fsharp-darwin-arm64 cache-miss
307 http fetch GET 200 https://registry.npmjs.org/@img%2fsharp-linux-ppc64 446ms (cache miss)
308 silly packumentCache full:https://registry.npmjs.org/@img%2fsharp-linux-ppc64 set size:undefined disposed:false
309 silly fetch manifest @img/sharp-linux-riscv64@0.34.5
310 silly packumentCache full:https://registry.npmjs.org/@img%2fsharp-linux-riscv64 cache-miss
311 http fetch GET 200 https://registry.npmjs.org/@img%2fsharp-win32-ia32 515ms (cache miss)
312 silly packumentCache full:https://registry.npmjs.org/@img%2fsharp-win32-ia32 set size:undefined disposed:false
313 silly fetch manifest @img/sharp-linuxmusl-x64@0.34.5
314 silly packumentCache full:https://registry.npmjs.org/@img%2fsharp-linuxmusl-x64 cache-miss
315 http fetch GET 200 https://registry.npmjs.org/@img%2fsharp-linux-riscv64 358ms (cache miss)
316 silly packumentCache full:https://registry.npmjs.org/@img%2fsharp-linux-riscv64 set size:undefined disposed:false
317 silly fetch manifest @img/sharp-linuxmusl-arm64@0.34.5
318 silly packumentCache full:https://registry.npmjs.org/@img%2fsharp-linuxmusl-arm64 cache-miss
319 http fetch GET 200 https://registry.npmjs.org/@img%2fsharp-linux-s390x 599ms (cache miss)
320 silly packumentCache full:https://registry.npmjs.org/@img%2fsharp-linux-s390x set size:undefined disposed:false
321 silly fetch manifest @img/sharp-libvips-linux-arm@1.2.4
322 silly packumentCache full:https://registry.npmjs.org/@img%2fsharp-libvips-linux-arm cache-miss
323 http fetch GET 200 https://registry.npmjs.org/@img%2fsharp-win32-arm64 547ms (cache miss)
324 silly packumentCache full:https://registry.npmjs.org/@img%2fsharp-win32-arm64 set size:undefined disposed:false
325 silly fetch manifest @img/sharp-libvips-linux-x64@1.2.4
326 silly packumentCache full:https://registry.npmjs.org/@img%2fsharp-libvips-linux-x64 cache-miss
327 http fetch GET 200 https://registry.npmjs.org/@img%2fsharp-linuxmusl-x64 438ms (cache miss)
328 silly packumentCache full:https://registry.npmjs.org/@img%2fsharp-linuxmusl-x64 set size:undefined disposed:false
329 silly fetch manifest @img/sharp-libvips-darwin-x64@1.2.4
330 silly packumentCache full:https://registry.npmjs.org/@img%2fsharp-libvips-darwin-x64 cache-miss
331 http fetch GET 200 https://registry.npmjs.org/@img%2fsharp-darwin-arm64 517ms (cache miss)
332 silly packumentCache full:https://registry.npmjs.org/@img%2fsharp-darwin-arm64 set size:undefined disposed:false
333 silly fetch manifest @img/sharp-libvips-linux-arm64@1.2.4
334 silly packumentCache full:https://registry.npmjs.org/@img%2fsharp-libvips-linux-arm64 cache-miss
335 http fetch GET 200 https://registry.npmjs.org/@img%2fsharp-libvips-linux-arm 328ms (cache miss)
336 silly packumentCache full:https://registry.npmjs.org/@img%2fsharp-libvips-linux-arm set size:undefined disposed:false
337 silly fetch manifest @img/sharp-libvips-linux-ppc64@1.2.4
338 silly packumentCache full:https://registry.npmjs.org/@img%2fsharp-libvips-linux-ppc64 cache-miss
339 http fetch GET 200 https://registry.npmjs.org/@img%2fsharp-linuxmusl-arm64 389ms (cache miss)
340 silly packumentCache full:https://registry.npmjs.org/@img%2fsharp-linuxmusl-arm64 set size:undefined disposed:false
341 silly fetch manifest @img/sharp-libvips-linux-s390x@1.2.4
342 silly packumentCache full:https://registry.npmjs.org/@img%2fsharp-libvips-linux-s390x cache-miss
343 http fetch GET 200 https://registry.npmjs.org/@img%2fsharp-libvips-linux-x64 430ms (cache miss)
344 silly packumentCache full:https://registry.npmjs.org/@img%2fsharp-libvips-linux-x64 set size:undefined disposed:false
345 silly fetch manifest @img/sharp-libvips-darwin-arm64@1.2.4
346 silly packumentCache full:https://registry.npmjs.org/@img%2fsharp-libvips-darwin-arm64 cache-miss
347 http fetch GET 200 https://registry.npmjs.org/@img%2fsharp-libvips-linux-arm64 347ms (cache miss)
348 silly packumentCache full:https://registry.npmjs.org/@img%2fsharp-libvips-linux-arm64 set size:undefined disposed:false
349 silly fetch manifest @img/sharp-libvips-linux-riscv64@1.2.4
350 silly packumentCache full:https://registry.npmjs.org/@img%2fsharp-libvips-linux-riscv64 cache-miss
351 http fetch GET 200 https://registry.npmjs.org/@img%2fsharp-libvips-darwin-x64 414ms (cache miss)
352 silly packumentCache full:https://registry.npmjs.org/@img%2fsharp-libvips-darwin-x64 set size:undefined disposed:false
353 silly fetch manifest @img/sharp-libvips-linuxmusl-x64@1.2.4
354 silly packumentCache full:https://registry.npmjs.org/@img%2fsharp-libvips-linuxmusl-x64 cache-miss
355 http fetch GET 200 https://registry.npmjs.org/@img%2fsharp-libvips-linux-riscv64 279ms (cache miss)
356 silly packumentCache full:https://registry.npmjs.org/@img%2fsharp-libvips-linux-riscv64 set size:undefined disposed:false
357 silly fetch manifest @img/sharp-libvips-linuxmusl-arm64@1.2.4
358 silly packumentCache full:https://registry.npmjs.org/@img%2fsharp-libvips-linuxmusl-arm64 cache-miss
359 http fetch GET 200 https://registry.npmjs.org/@img%2fsharp-libvips-darwin-arm64 348ms (cache miss)
360 silly packumentCache full:https://registry.npmjs.org/@img%2fsharp-libvips-darwin-arm64 set size:undefined disposed:false
361 silly fetch manifest client-only@0.0.1
362 silly packumentCache full:https://registry.npmjs.org/client-only cache-miss
363 http fetch GET 200 https://registry.npmjs.org/@img%2fsharp-libvips-linux-s390x 440ms (cache miss)
364 silly packumentCache full:https://registry.npmjs.org/@img%2fsharp-libvips-linux-s390x set size:undefined disposed:false
365 http fetch GET 200 https://registry.npmjs.org/@img%2fsharp-libvips-linux-ppc64 548ms (cache miss)
366 silly packumentCache full:https://registry.npmjs.org/@img%2fsharp-libvips-linux-ppc64 set size:undefined disposed:false
367 http fetch GET 200 https://registry.npmjs.org/@img%2fsharp-libvips-linuxmusl-x64 394ms (cache miss)
368 silly packumentCache full:https://registry.npmjs.org/@img%2fsharp-libvips-linuxmusl-x64 set size:undefined disposed:false
369 http fetch GET 200 https://registry.npmjs.org/client-only 262ms (cache miss)
370 silly packumentCache full:https://registry.npmjs.org/client-only set size:undefined disposed:false
371 http fetch GET 200 https://registry.npmjs.org/@img%2fsharp-libvips-linuxmusl-arm64 321ms (cache miss)
372 silly packumentCache full:https://registry.npmjs.org/@img%2fsharp-libvips-linuxmusl-arm64 set size:undefined disposed:false
373 silly placeDep ROOT nanoid@3.3.19 OK for: postcss@8.4.31 want: ^3.3.6
374 silly placeDep ROOT picocolors@1.1.1 OK for: postcss@8.4.31 want: ^1.0.0
375 silly placeDep ROOT source-map-js@1.2.1 OK for: postcss@8.4.31 want: ^1.0.2
376 silly placeDep ROOT scheduler@0.26.0 OK for: react-dom@19.1.0 want: ^0.26.0
377 silly placeDep ROOT @img/colour@1.1.0 OK for: sharp@0.34.5 want: ^1.0.0
378 silly placeDep ROOT @img/sharp-darwin-arm64@0.34.5 OK for: sharp@0.34.5 want: 0.34.5
379 silly placeDep ROOT @img/sharp-darwin-x64@0.34.5 OK for: sharp@0.34.5 want: 0.34.5
380 silly placeDep ROOT @img/sharp-libvips-darwin-arm64@1.2.4 OK for: sharp@0.34.5 want: 1.2.4
381 silly placeDep ROOT @img/sharp-libvips-darwin-x64@1.2.4 OK for: sharp@0.34.5 want: 1.2.4
382 silly placeDep ROOT @img/sharp-libvips-linux-arm@1.2.4 OK for: sharp@0.34.5 want: 1.2.4
383 silly placeDep ROOT @img/sharp-libvips-linux-arm64@1.2.4 OK for: sharp@0.34.5 want: 1.2.4
384 silly placeDep ROOT @img/sharp-libvips-linux-ppc64@1.2.4 OK for: sharp@0.34.5 want: 1.2.4
385 silly placeDep ROOT @img/sharp-libvips-linux-riscv64@1.2.4 OK for: sharp@0.34.5 want: 1.2.4
386 silly placeDep ROOT @img/sharp-libvips-linux-s390x@1.2.4 OK for: sharp@0.34.5 want: 1.2.4
387 silly placeDep ROOT @img/sharp-libvips-linux-x64@1.2.4 OK for: sharp@0.34.5 want: 1.2.4
388 silly placeDep ROOT @img/sharp-libvips-linuxmusl-arm64@1.2.4 OK for: sharp@0.34.5 want: 1.2.4
389 silly placeDep ROOT @img/sharp-libvips-linuxmusl-x64@1.2.4 OK for: sharp@0.34.5 want: 1.2.4
390 silly placeDep ROOT @img/sharp-linux-arm@0.34.5 OK for: sharp@0.34.5 want: 0.34.5
391 silly placeDep ROOT @img/sharp-linux-arm64@0.34.5 OK for: sharp@0.34.5 want: 0.34.5
392 silly placeDep ROOT @img/sharp-linux-ppc64@0.34.5 OK for: sharp@0.34.5 want: 0.34.5
393 silly placeDep ROOT @img/sharp-linux-riscv64@0.34.5 OK for: sharp@0.34.5 want: 0.34.5
394 silly placeDep ROOT @img/sharp-linux-s390x@0.34.5 OK for: sharp@0.34.5 want: 0.34.5
395 silly placeDep ROOT @img/sharp-linux-x64@0.34.5 OK for: sharp@0.34.5 want: 0.34.5
396 silly placeDep ROOT @img/sharp-linuxmusl-arm64@0.34.5 OK for: sharp@0.34.5 want: 0.34.5
397 silly placeDep ROOT @img/sharp-linuxmusl-x64@0.34.5 OK for: sharp@0.34.5 want: 0.34.5
398 silly placeDep ROOT @img/sharp-wasm32@0.34.5 OK for: sharp@0.34.5 want: 0.34.5
399 silly placeDep ROOT @img/sharp-win32-arm64@0.34.5 OK for: sharp@0.34.5 want: 0.34.5
400 silly placeDep ROOT @img/sharp-win32-ia32@0.34.5 OK for: sharp@0.34.5 want: 0.34.5
401 silly placeDep ROOT @img/sharp-win32-x64@0.34.5 OK for: sharp@0.34.5 want: 0.34.5
402 silly placeDep ROOT detect-libc@2.1.2 OK for: sharp@0.34.5 want: ^2.1.2
403 silly placeDep ROOT semver@7.8.5 OK for: sharp@0.34.5 want: ^7.7.3
404 silly fetch manifest @emnapi/runtime@^1.7.0
405 silly packumentCache full:https://registry.npmjs.org/@emnapi%2fruntime cache-miss
406 http fetch GET 200 https://registry.npmjs.org/@emnapi%2fruntime 422ms (cache miss)
407 silly packumentCache full:https://registry.npmjs.org/@emnapi%2fruntime set size:undefined disposed:false
408 silly placeDep ROOT @emnapi/runtime@1.11.3 OK for: @img/sharp-wasm32@0.34.5 want: ^1.7.0
409 silly placeDep ROOT client-only@0.0.1 OK for: styled-jsx@5.1.6 want: 0.0.1
410 silly reify moves {}
411 http cache detect-libc@https://registry.npmjs.org/detect-libc/-/detect-libc-2.1.2.tgz 0ms (cache hit)
412 http cache semver@https://registry.npmjs.org/semver/-/semver-7.8.5.tgz 0ms (cache hit)
413 http cache @img/colour@https://registry.npmjs.org/@img/colour/-/colour-1.1.0.tgz 0ms (cache hit)
414 http cache client-only@https://registry.npmjs.org/client-only/-/client-only-0.0.1.tgz 0ms (cache hit)
415 http cache scheduler@https://registry.npmjs.org/scheduler/-/scheduler-0.26.0.tgz 0ms (cache hit)
416 http cache source-map-js@https://registry.npmjs.org/source-map-js/-/source-map-js-1.2.1.tgz 0ms (cache hit)
417 http cache picocolors@https://registry.npmjs.org/picocolors/-/picocolors-1.1.1.tgz 0ms (cache hit)
418 http cache nanoid@https://registry.npmjs.org/nanoid/-/nanoid-3.3.19.tgz 0ms (cache hit)
419 http cache styled-jsx@https://registry.npmjs.org/styled-jsx/-/styled-jsx-5.1.6.tgz 1ms (cache hit)
420 http cache sharp@https://registry.npmjs.org/sharp/-/sharp-0.34.5.tgz 1ms (cache hit)
421 http cache postcss@https://registry.npmjs.org/postcss/-/postcss-8.4.31.tgz 0ms (cache hit)
422 http cache caniuse-lite@https://registry.npmjs.org/caniuse-lite/-/caniuse-lite-1.0.30001810.tgz 0ms (cache hit)
423 http cache @next/env@https://registry.npmjs.org/@next/env/-/env-15.5.7.tgz 0ms (cache hit)
424 http cache @swc/helpers@https://registry.npmjs.org/@swc/helpers/-/helpers-0.5.15.tgz 1ms (cache hit)
425 http cache csstype@https://registry.npmjs.org/csstype/-/csstype-3.2.3.tgz 0ms (cache hit)
426 http cache undici-types@https://registry.npmjs.org/undici-types/-/undici-types-6.21.0.tgz 0ms (cache hit)
427 http cache iceberg-js@https://registry.npmjs.org/iceberg-js/-/iceberg-js-0.8.1.tgz 0ms (cache hit)
428 http cache @supabase/phoenix@https://registry.npmjs.org/@supabase/phoenix/-/phoenix-0.4.5.tgz 0ms (cache hit)
429 http cache tslib@https://registry.npmjs.org/tslib/-/tslib-2.8.1.tgz 0ms (cache hit)
430 http cache @supabase/storage-js@https://registry.npmjs.org/@supabase/storage-js/-/storage-js-2.116.0.tgz 1ms (cache hit)
431 http cache @supabase/realtime-js@https://registry.npmjs.org/@supabase/realtime-js/-/realtime-js-2.116.0.tgz 0ms (cache hit)
432 http cache @supabase/postgrest-js@https://registry.npmjs.org/@supabase/postgrest-js/-/postgrest-js-2.116.0.tgz 0ms (cache hit)
433 http cache @supabase/functions-js@https://registry.npmjs.org/@supabase/functions-js/-/functions-js-2.116.0.tgz 0ms (cache hit)
434 http cache @supabase/auth-js@https://registry.npmjs.org/@supabase/auth-js/-/auth-js-2.116.0.tgz 0ms (cache hit)
435 http cache cookie@https://registry.npmjs.org/cookie/-/cookie-1.1.1.tgz 0ms (cache hit)
436 http cache zod@https://registry.npmjs.org/zod/-/zod-3.25.76.tgz 0ms (cache hit)
437 http cache typescript@https://registry.npmjs.org/typescript/-/typescript-5.9.3.tgz 0ms (cache hit)
438 http cache stripe@https://registry.npmjs.org/stripe/-/stripe-22.6.2.tgz 0ms (cache hit)
439 http cache react-dom@https://registry.npmjs.org/react-dom/-/react-dom-19.1.0.tgz 0ms (cache hit)
440 http cache react@https://registry.npmjs.org/react/-/react-19.1.0.tgz 0ms (cache hit)
441 http cache next@https://registry.npmjs.org/next/-/next-15.5.7.tgz 0ms (cache hit)
442 http cache @types/react-dom@https://registry.npmjs.org/@types/react-dom/-/react-dom-19.3.0.tgz 0ms (cache hit)
443 http cache @types/react@https://registry.npmjs.org/@types/react/-/react-19.3.0.tgz 0ms (cache hit)
444 http cache @supabase/supabase-js@https://registry.npmjs.org/@supabase/supabase-js/-/supabase-js-2.116.0.tgz 0ms (cache hit)
445 http cache @supabase/ssr@https://registry.npmjs.org/@supabase/ssr/-/ssr-0.7.0.tgz 0ms (cache hit)
446 http cache @types/node@https://registry.npmjs.org/@types/node/-/node-22.20.3.tgz 0ms (cache hit)
447 http cache @next/swc-wasm-nodejs@https://registry.npmjs.org/@next/swc-wasm-nodejs/-/swc-wasm-nodejs-15.5.7.tgz 1ms (cache hit)
448 http cache server-only@https://registry.npmjs.org/server-only/-/server-only-0.0.1.tgz 1ms (cache hit)
449 silly tarball no local data for detect-libc@https://registry.npmjs.org/detect-libc/-/detect-libc-2.1.2.tgz. Extracting by manifest.
450 silly tarball no local data for semver@https://registry.npmjs.org/semver/-/semver-7.8.5.tgz. Extracting by manifest.
451 silly tarball no local data for @img/colour@https://registry.npmjs.org/@img/colour/-/colour-1.1.0.tgz. Extracting by manifest.
452 silly tarball no local data for client-only@https://registry.npmjs.org/client-only/-/client-only-0.0.1.tgz. Extracting by manifest.
453 silly tarball no local data for scheduler@https://registry.npmjs.org/scheduler/-/scheduler-0.26.0.tgz. Extracting by manifest.
454 silly tarball no local data for source-map-js@https://registry.npmjs.org/source-map-js/-/source-map-js-1.2.1.tgz. Extracting by manifest.
455 silly tarball no local data for picocolors@https://registry.npmjs.org/picocolors/-/picocolors-1.1.1.tgz. Extracting by manifest.
456 silly tarball no local data for nanoid@https://registry.npmjs.org/nanoid/-/nanoid-3.3.19.tgz. Extracting by manifest.
457 silly tarball no local data for styled-jsx@https://registry.npmjs.org/styled-jsx/-/styled-jsx-5.1.6.tgz. Extracting by manifest.
458 silly tarball no local data for sharp@https://registry.npmjs.org/sharp/-/sharp-0.34.5.tgz. Extracting by manifest.
459 silly tarball no local data for postcss@https://registry.npmjs.org/postcss/-/postcss-8.4.31.tgz. Extracting by manifest.
460 silly tarball no local data for caniuse-lite@https://registry.npmjs.org/caniuse-lite/-/caniuse-lite-1.0.30001810.tgz. Extracting by manifest.
461 silly tarball no local data for @next/env@https://registry.npmjs.org/@next/env/-/env-15.5.7.tgz. Extracting by manifest.
462 silly tarball no local data for @swc/helpers@https://registry.npmjs.org/@swc/helpers/-/helpers-0.5.15.tgz. Extracting by manifest.
463 silly tarball no local data for csstype@https://registry.npmjs.org/csstype/-/csstype-3.2.3.tgz. Extracting by manifest.
464 silly tarball no local data for undici-types@https://registry.npmjs.org/undici-types/-/undici-types-6.21.0.tgz. Extracting by manifest.
465 silly tarball no local data for iceberg-js@https://registry.npmjs.org/iceberg-js/-/iceberg-js-0.8.1.tgz. Extracting by manifest.
466 silly tarball no local data for @supabase/phoenix@https://registry.npmjs.org/@supabase/phoenix/-/phoenix-0.4.5.tgz. Extracting by manifest.
467 silly tarball no local data for tslib@https://registry.npmjs.org/tslib/-/tslib-2.8.1.tgz. Extracting by manifest.
468 silly tarball no local data for @supabase/storage-js@https://registry.npmjs.org/@supabase/storage-js/-/storage-js-2.116.0.tgz. Extracting by manifest.
469 silly tarball no local data for @supabase/realtime-js@https://registry.npmjs.org/@supabase/realtime-js/-/realtime-js-2.116.0.tgz. Extracting by manifest.
470 silly tarball no local data for @supabase/postgrest-js@https://registry.npmjs.org/@supabase/postgrest-js/-/postgrest-js-2.116.0.tgz. Extracting by manifest.
471 silly tarball no local data for @supabase/functions-js@https://registry.npmjs.org/@supabase/functions-js/-/functions-js-2.116.0.tgz. Extracting by manifest.
472 silly tarball no local data for @supabase/auth-js@https://registry.npmjs.org/@supabase/auth-js/-/auth-js-2.116.0.tgz. Extracting by manifest.
473 silly tarball no local data for cookie@https://registry.npmjs.org/cookie/-/cookie-1.1.1.tgz. Extracting by manifest.
474 silly tarball no local data for zod@https://registry.npmjs.org/zod/-/zod-3.25.76.tgz. Extracting by manifest.
475 silly tarball no local data for typescript@https://registry.npmjs.org/typescript/-/typescript-5.9.3.tgz. Extracting by manifest.
476 silly tarball no local data for stripe@https://registry.npmjs.org/stripe/-/stripe-22.6.2.tgz. Extracting by manifest.
477 silly tarball no local data for react-dom@https://registry.npmjs.org/react-dom/-/react-dom-19.1.0.tgz. Extracting by manifest.
478 silly tarball no local data for react@https://registry.npmjs.org/react/-/react-19.1.0.tgz. Extracting by manifest.
479 silly tarball no local data for next@https://registry.npmjs.org/next/-/next-15.5.7.tgz. Extracting by manifest.
480 silly tarball no local data for @types/react-dom@https://registry.npmjs.org/@types/react-dom/-/react-dom-19.3.0.tgz. Extracting by manifest.
481 silly tarball no local data for @types/react@https://registry.npmjs.org/@types/react/-/react-19.3.0.tgz. Extracting by manifest.
482 silly tarball no local data for @supabase/supabase-js@https://registry.npmjs.org/@supabase/supabase-js/-/supabase-js-2.116.0.tgz. Extracting by manifest.
483 silly tarball no local data for @supabase/ssr@https://registry.npmjs.org/@supabase/ssr/-/ssr-0.7.0.tgz. Extracting by manifest.
484 silly tarball no local data for @types/node@https://registry.npmjs.org/@types/node/-/node-22.20.3.tgz. Extracting by manifest.
485 silly tarball no local data for @next/swc-wasm-nodejs@https://registry.npmjs.org/@next/swc-wasm-nodejs/-/swc-wasm-nodejs-15.5.7.tgz. Extracting by manifest.
486 silly tarball no local data for server-only@https://registry.npmjs.org/server-only/-/server-only-0.0.1.tgz. Extracting by manifest.
487 http fetch GET 200 https://registry.npmjs.org/client-only/-/client-only-0.0.1.tgz 814ms (cache miss)
488 http fetch GET 200 https://registry.npmjs.org/detect-libc/-/detect-libc-2.1.2.tgz 837ms (cache miss)
489 http fetch GET 200 https://registry.npmjs.org/@img/colour/-/colour-1.1.0.tgz 850ms (cache miss)
490 http fetch GET 200 https://registry.npmjs.org/scheduler/-/scheduler-0.26.0.tgz 1010ms (cache miss)
491 http fetch GET 200 https://registry.npmjs.org/tslib/-/tslib-2.8.1.tgz 1058ms (cache miss)
492 http fetch GET 200 https://registry.npmjs.org/undici-types/-/undici-types-6.21.0.tgz 1120ms (cache miss)
493 http fetch GET 200 https://registry.npmjs.org/iceberg-js/-/iceberg-js-0.8.1.tgz 1154ms (cache miss)
494 http fetch GET 200 https://registry.npmjs.org/semver/-/semver-7.8.5.tgz 1266ms (cache miss)
495 http fetch GET 200 https://registry.npmjs.org/nanoid/-/nanoid-3.3.19.tgz 2989ms (cache miss)
496 http fetch GET 200 https://registry.npmjs.org/source-map-js/-/source-map-js-1.2.1.tgz 3136ms (cache miss)
497 http fetch GET 200 https://registry.npmjs.org/@supabase/functions-js/-/functions-js-2.116.0.tgz 3064ms (cache miss)
498 http fetch GET 200 https://registry.npmjs.org/@supabase/realtime-js/-/realtime-js-2.116.0.tgz 3224ms (cache miss)
499 http fetch GET 200 https://registry.npmjs.org/postcss/-/postcss-8.4.31.tgz 3340ms (cache miss)
500 http fetch GET 200 https://registry.npmjs.org/@supabase/storage-js/-/storage-js-2.116.0.tgz 3397ms (cache miss)
501 http fetch GET 200 https://registry.npmjs.org/cookie/-/cookie-1.1.1.tgz 3927ms (cache miss)
502 http fetch GET 200 https://registry.npmjs.org/picocolors/-/picocolors-1.1.1.tgz 4333ms (cache miss)
503 http fetch GET 200 https://registry.npmjs.org/@supabase/phoenix/-/phoenix-0.4.5.tgz 4518ms (cache miss)
504 http fetch GET 200 https://registry.npmjs.org/csstype/-/csstype-3.2.3.tgz 5367ms (cache miss)
505 http fetch GET 200 https://registry.npmjs.org/react/-/react-19.1.0.tgz 5486ms (cache miss)
506 http fetch GET 200 https://registry.npmjs.org/@next/env/-/env-15.5.7.tgz 7854ms (cache miss)
507 http fetch GET 200 https://registry.npmjs.org/@types/react-dom/-/react-dom-19.3.0.tgz 8303ms (cache miss)
508 http fetch GET 200 https://registry.npmjs.org/sharp/-/sharp-0.34.5.tgz 8740ms (cache miss)
509 http fetch GET 200 https://registry.npmjs.org/@types/react/-/react-19.3.0.tgz 9124ms (cache miss)
510 http fetch GET 200 https://registry.npmjs.org/@swc/helpers/-/helpers-0.5.15.tgz 9899ms (cache miss)
511 http fetch GET 200 https://registry.npmjs.org/styled-jsx/-/styled-jsx-5.1.6.tgz 9980ms (cache miss)
512 http fetch GET 200 https://registry.npmjs.org/server-only/-/server-only-0.0.1.tgz 10362ms (cache miss)
513 http fetch GET 200 https://registry.npmjs.org/@supabase/ssr/-/ssr-0.7.0.tgz 10955ms (cache miss)
514 http fetch GET 200 https://registry.npmjs.org/@supabase/postgrest-js/-/postgrest-js-2.116.0.tgz 11701ms (cache miss)
515 http fetch GET 200 https://registry.npmjs.org/@supabase/supabase-js/-/supabase-js-2.116.0.tgz 16110ms (cache miss)
516 http fetch GET 200 https://registry.npmjs.org/@supabase/auth-js/-/auth-js-2.116.0.tgz 16454ms (cache miss)
517 http fetch GET 200 https://registry.npmjs.org/@types/node/-/node-22.20.3.tgz 17214ms (cache miss)
518 http fetch GET 200 https://registry.npmjs.org/zod/-/zod-3.25.76.tgz 21662ms (cache miss)
519 http fetch GET 200 https://registry.npmjs.org/caniuse-lite/-/caniuse-lite-1.0.30001810.tgz 22292ms (cache miss)
520 http fetch GET 200 https://registry.npmjs.org/react-dom/-/react-dom-19.1.0.tgz 51136ms (cache miss)
521 verbose stack Error: aborted
521 verbose stack     at TLSSocket.socketCloseListener (node:_http_client:553:19)
521 verbose stack     at TLSSocket.emit (node:events:521:24)
521 verbose stack     at node:net:351:12
521 verbose stack     at Socket.done (node:internal/tls/wrap:752:7)
521 verbose stack     at Object.onceWrapper (node:events:631:26)
521 verbose stack     at Socket.emit (node:events:521:24)
521 verbose stack     at TCP.<anonymous> (node:net:351:12)
522 error code ECONNRESET
523 error network aborted
524 error network This is a problem related to network connectivity.
524 error network In most cases you are behind a proxy or have bad network settings.
524 error network
524 error network If you are behind a proxy, please make sure that the 'proxy' config is set properly.  See: 'npm help config'
525 silly unfinished npm timer reify 1789548189688
526 silly unfinished npm timer reify:unpack 1789548322497
527 silly unfinished npm timer reifyNode:node_modules/typescript 1789548322503
528 silly unfinished npm timer reifyNode:node_modules/stripe 1789548322503
529 silly unfinished npm timer reifyNode:node_modules/next 1789548322503
530 silly unfinished npm timer reifyNode:node_modules/@next/swc-wasm-nodejs 1789548322504
531 verbose cwd /data/data/com.vscodroid/files/projects/assetscout-stripe
532 verbose os Linux 5.15.149-android13-8-00008-gbe074b05e5af-ab12096863
533 verbose node v24.18.0
534 verbose npm  v11.16.0
535 notice
535 notice New major version of npm available! 11.16.0 -> 12.0.2
535 notice Changelog: https://github.com/npm/cli/releases/tag/v12.0.2
535 notice To update run: npm install -g npm@12.0.2
535 notice  { force: true, Symbol(proc-log.meta): true }
536 verbose exit 1
537 verbose code 1
538 error A complete log of this run can be found in: /data/data/com.vscodroid/files/projects/assetscout-stripe/.npm-cache/_logs/2026-09-16T08_43_03_371Z-debug-0.log
